2026-08-18 15:39:54,699 - PDFExtractor - ERROR - Error analyzing PDF C:\path\to\your\sample.pdf: no such file: 'C:\path\to\your\sample.pdf'
2026-08-18 15:43:43,795 - PDFExtractor - ERROR - Error analyzing PDF C:\Users\arsha\Path\To\Client_File.pdf: no such file: 'C:\Users\arsha\Path\To\Client_File.pdf'
2026-08-18 15:43:53,024 - PDFExtractor - ERROR - Error analyzing PDF C:\Users\arsha\Path\To\Client_File.pdf: no such file: 'C:\Users\arsha\Path\To\Client_File.pdf'
2026-08-18 16:11:26,594 - PDFExtractor - INFO - PDF analyzed successfully: C:\Users\arsha\Downloads\bulk_test_orders_1.pdf, Pages: 20
2026-08-18 16:33:39,966 - PDFExtractor - INFO - PDF analyzed successfully: C:\Users\arsha\Downloads\bulk_test_orders_1.pdf, Pages: 20
2026-08-18 16:36:20,130 - PDFExtractor - INFO - PDF analyzed successfully: C:\Users\arsha\Downloads\bulk_test_orders_1.pdf, Pages: 20
2026-08-18 16:49:46,701 - PDFExtractor - INFO - PDF analyzed successfully: C:\Users\arsha\Downloads\bulk_test_orders_1.pdf, Pages: 20
2026-08-18 16:50:35,659 - PDFExtractor - INFO - PDF analyzed successfully: C:\Users\arsha\Downloads\bulk_test_orders_1.pdf, Pages: 20
2026-08-18 17:14:49,361 - PDFExtractor - INFO - PDF analyzed successfully: C:\Users\arsha\Downloads\bulk_test_orders_1.pdf, Pages: 20
2026-08-18 17:14:57,480 - PDFExtractor - INFO - PDF analyzed successfully: C:\Users\arsha\Downloads\bulk_test_orders_1.pdf, Pages: 20
2026-08-18 17:27:04,364 - PDFExtractor - INFO - PDF analyzed successfully: C:\Users\arsha\Downloads\bulk_test_orders_1.pdf, Pages: 20
2026-08-18 17:27:10,355 - PDFExtractor - INFO - PDF analyzed successfully: C:\Users\arsha\Downloads\bulk_test_orders_1.pdf, Pages: 20
2026-08-18 17:27:25,491 - PDFExtractor - INFO - PDF analyzed successfully: C:\Users\arsha\Downloads\bulk_test_orders_1.pdf, Pages: 20
2026-08-18 17:29:07,117 - PDFExtractor - INFO - PDF analyzed successfully: C:\Users\arsha\Downloads\bulk_test_orders_1.pdf, Pages: 20
2026-08-18 17:29:51,888 - PDFExtractor - INFO - PDF analyzed successfully: C:\Users\arsha\Downloads\bulk_test_orders_1.pdf, Pages: 20
2026-08-18 17:35:25,496 - PDFExtractor - INFO - PDF analyzed successfully: C:\Users\arsha\Downloads\bulk_test_orders_1.pdf, Pages: 20
2026-08-18 17:35:35,591 - PDFExtractor - INFO - PDF analyzed successfully: C:\Users\arsha\Downloads\bulk_test_orders_1.pdf, Pages: 20
2026-08-18 18:31:10,131 - PDFExtractor - INFO - PDF analyzed successfully: ./data/input/bulk_test_orders_1.pdf, Pages: 20
2026-08-18 18:31:13,300 - PDFExtractor - INFO - PDF analyzed successfully: ./data/input/bulk_test_orders_1.pdf, Pages: 20
2026-08-18 18:41:14,005 - PDFExtractor - INFO - PDF analyzed successfully: ./data/input/bulk_test_orders_1.pdf, Pages: 20
2026-08-18 18:45:52,698 - PDFExtractor - INFO - PDF analyzed successfully: ./data/input/bulk_test_orders_1.pdf, Pages: 20
2026-08-18 18:46:39,038 - PDFExtractor - INFO - PDF analyzed successfully: ./data/input/bulk_test_orders_1.pdf, Pages: 20
2026-08-18 18:48:23,190 - PDFExtractor - INFO - PDF analyzed successfully: ./data/input/test.pdf, Pages: 1
2026-08-18 18:48:23,237 - PDFExtractor - INFO - Direct text extraction empty on page 0. Triggering OCR fallback.
2026-08-18 18:48:25,814 - PDFExtractor - ERROR - OCR execution failed on page 0 of ./data/input/test.pdf: tesseract is not installed or it's not in your PATH. See README file for more information.
2026-08-18 18:49:46,867 - PDFExtractor - INFO - PDF analyzed successfully: ./data/input/bulk_test_orders_1.pdf, Pages: 20
